../Middlewares/Third_Party/FreeRTOS/Source/portable/GCC/ARM_CM0/port.c:148:15:pxPortInitialiseStack	24	static
../Middlewares/Third_Party/FreeRTOS/Source/portable/GCC/ARM_CM0/port.c:168:13:prvTaskExitError	16	static,ignoring_inline_asm
../Middlewares/Third_Party/FreeRTOS/Source/portable/GCC/ARM_CM0/port.c:194:6:SVC_Handler	8	static
../Middlewares/Third_Party/FreeRTOS/Source/portable/GCC/ARM_CM0/port.c:201:6:vPortStartFirstTask	0	static,ignoring_inline_asm
../Middlewares/Third_Party/FreeRTOS/Source/portable/GCC/ARM_CM0/port.c:232:12:xPortStartScheduler	8	static
../Middlewares/Third_Party/FreeRTOS/Source/portable/GCC/ARM_CM0/port.c:262:6:vPortEndScheduler	8	static,ignoring_inline_asm
../Middlewares/Third_Party/FreeRTOS/Source/portable/GCC/ARM_CM0/port.c:270:6:vPortYield	8	static,ignoring_inline_asm
../Middlewares/Third_Party/FreeRTOS/Source/portable/GCC/ARM_CM0/port.c:282:6:vPortEnterCritical	8	static,ignoring_inline_asm
../Middlewares/Third_Party/FreeRTOS/Source/portable/GCC/ARM_CM0/port.c:291:6:vPortExitCritical	8	static,ignoring_inline_asm
../Middlewares/Third_Party/FreeRTOS/Source/portable/GCC/ARM_CM0/port.c:303:10:ulSetInterruptMaskFromISR	0	static,ignoring_inline_asm
../Middlewares/Third_Party/FreeRTOS/Source/portable/GCC/ARM_CM0/port.c:314:6:vClearInterruptMaskFromISR	0	static,ignoring_inline_asm
../Middlewares/Third_Party/FreeRTOS/Source/portable/GCC/ARM_CM0/port.c:324:6:PendSV_Handler	0	static,ignoring_inline_asm
../Middlewares/Third_Party/FreeRTOS/Source/portable/GCC/ARM_CM0/port.c:373:6:xPortSysTickHandler	16	static
../Middlewares/Third_Party/FreeRTOS/Source/portable/GCC/ARM_CM0/port.c:394:32:vPortSetupTimerInterrupt	8	static
