../Core/Src/lcd.c:21:6:LCD_Init	16	static
../Core/Src/lcd.c:137:6:LCD_Out_Data4	16	static
../Core/Src/lcd.c:160:6:LCD_Write_Byte	16	static
../Core/Src/lcd.c:169:6:LCD_Write_Cmd	16	static
../Core/Src/lcd.c:175:6:LCD_Put_Char	16	static
../Core/Src/lcd.c:182:6:LCD_Set_Cursor	24	static
../Core/Src/lcd.c:192:6:LCD_Put_Str	32	static
../Core/Src/lcd.c:199:6:LCD_Put_Num	40	static
../Core/Src/lcd.c:219:6:LCD_Busy	8	static
../Core/Src/lcd.c:255:6:LCD_Pulse_EN	8	static
../Core/Src/lcd.c:269:6:LCD_BarGraphic	24	static
../Core/Src/lcd.c:286:6:LCD_BarGraphicXY	32	static
