../Src/lcd.c:20:6:LCD_Init	16	static
../Src/lcd.c:140:6:LCD_Out_Data4	16	static
../Src/lcd.c:163:6:LCD_Write_Byte	16	static
../Src/lcd.c:172:6:LCD_Write_Cmd	16	static
../Src/lcd.c:178:6:LCD_Put_Char	16	static
../Src/lcd.c:185:6:LCD_Set_Cursor	24	static
../Src/lcd.c:195:6:LCD_Put_Str	32	static
../Src/lcd.c:202:6:LCD_Put_Num	40	static
../Src/lcd.c:222:6:LCD_Busy	8	static
../Src/lcd.c:259:6:LCD_Pulse_EN	8	static
../Src/lcd.c:276:6:LCD_BarGraphic	24	static
../Src/lcd.c:293:6:LCD_BarGraphicXY	32	static
