../Middlewares/Third_Party/FreeRTOS/Source/portable/MemMang/heap_4.c:138:8:pvPortMalloc	40	static,ignoring_inline_asm
../Middlewares/Third_Party/FreeRTOS/Source/portable/MemMang/heap_4.c:307:6:vPortFree	24	static,ignoring_inline_asm
../Middlewares/Third_Party/FreeRTOS/Source/portable/MemMang/heap_4.c:360:8:xPortGetFreeHeapSize	8	static
../Middlewares/Third_Party/FreeRTOS/Source/portable/MemMang/heap_4.c:366:8:xPortGetMinimumEverFreeHeapSize	8	static
../Middlewares/Third_Party/FreeRTOS/Source/portable/MemMang/heap_4.c:372:6:vPortInitialiseBlocks	8	static
../Middlewares/Third_Party/FreeRTOS/Source/portable/MemMang/heap_4.c:378:8:pvPortCalloc	24	static
../Middlewares/Third_Party/FreeRTOS/Source/portable/MemMang/heap_4.c:397:13:prvHeapInit	24	static
../Middlewares/Third_Party/FreeRTOS/Source/portable/MemMang/heap_4.c:442:13:prvInsertBlockIntoFreeList	24	static
../Middlewares/Third_Party/FreeRTOS/Source/portable/MemMang/heap_4.c:505:6:vPortGetHeapStats	32	static
